Checking for new versions...

Getting ready...
Ready! You are using Stripe API Version [2025-11-17.clover]. Your webhook signing secret is [REDACTED] (^C to quit)
2026-10-03 15:36:57   --> customer.subscription.created [evt_1UMT7UACR9X4275eEN1IoOBt]
2026-10-03 15:36:57  <--  [200] POST http://localhost:8000/payments/webhook/ [evt_1UMT7UACR9X4275eEN1IoOBt]
2026-10-03 15:36:57   --> checkout.session.completed [evt_1UMT7UACR9X4275eGJ1VrJoy]
2026-10-03 15:36:57  <--  [200] POST http://localhost:8000/payments/webhook/ [evt_1UMT7UACR9X4275eGJ1VrJoy]
2026-10-03 15:36:58   --> invoice.payment_succeeded [evt_1UMT7UACR9X4275eSYRhJWp9]
2026-10-03 15:36:59  <--  [200] POST http://localhost:8000/payments/webhook/ [evt_1UMT7UACR9X4275eSYRhJWp9]
2026-10-03 15:40:56   --> checkout.session.completed [evt_1UMTBLACR9X4275e3g8apeBa]
2026-10-03 15:40:56  <--  [200] POST http://localhost:8000/payments/webhook/ [evt_1UMTBLACR9X4275e3g8apeBa]
2026-10-03 15:40:56   --> customer.subscription.created [evt_1UMTBMACR9X4275eUcDMNM6h]
2026-10-03 15:40:56  <--  [200] POST http://localhost:8000/payments/webhook/ [evt_1UMTBMACR9X4275eUcDMNM6h]
2026-10-03 15:40:57   --> invoice.payment_succeeded [evt_1UMTBMACR9X4275eoFOfGN1c]
2026-10-03 15:40:58  <--  [200] POST http://localhost:8000/payments/webhook/ [evt_1UMTBMACR9X4275eoFOfGN1c]
2026-10-03 15:41:40   --> customer.subscription.created [evt_1UMTC3ACR9X4275eQNkoGnR5]
2026-10-03 15:41:40  <--  [200] POST http://localhost:8000/payments/webhook/ [evt_1UMTC3ACR9X4275eQNkoGnR5]
2026-10-03 15:41:40   --> checkout.session.completed [evt_1UMTC3ACR9X4275e8oAKGeVr]
2026-10-03 15:41:40  <--  [200] POST http://localhost:8000/payments/webhook/ [evt_1UMTC3ACR9X4275e8oAKGeVr]
2026-10-03 15:41:40   --> invoice.payment_succeeded [evt_1UMTC3ACR9X4275eZMILylzR]
2026-10-03 15:41:41  <--  [200] POST http://localhost:8000/payments/webhook/ [evt_1UMTC3ACR9X4275eZMILylzR]
2026-10-03 15:42:12   --> customer.subscription.created [evt_1UMTCZACR9X4275e77fuHmxp]
2026-10-03 15:42:12  <--  [200] POST http://localhost:8000/payments/webhook/ [evt_1UMTCZACR9X4275e77fuHmxp]
2026-10-03 15:42:12   --> checkout.session.completed [evt_1UMTCZACR9X4275efvoTJG5W]
2026-10-03 15:42:12  <--  [200] POST http://localhost:8000/payments/webhook/ [evt_1UMTCZACR9X4275efvoTJG5W]
2026-10-03 15:42:14   --> invoice.payment_succeeded [evt_1UMTCZACR9X4275e8K5aaG6w]
2026-10-03 15:42:18  <--  [200] POST http://localhost:8000/payments/webhook/ [evt_1UMTCZACR9X4275e8K5aaG6w]
2026-10-03 15:42:40   --> customer.subscription.created [evt_1UMTD1ACR9X4275ew8miwBuG]
2026-10-03 15:42:40  <--  [200] POST http://localhost:8000/payments/webhook/ [evt_1UMTD1ACR9X4275ew8miwBuG]
2026-10-03 15:42:40   --> checkout.session.completed [evt_1UMTD1ACR9X4275eH7XyKUqZ]
2026-10-03 15:42:40  <--  [200] POST http://localhost:8000/payments/webhook/ [evt_1UMTD1ACR9X4275eH7XyKUqZ]
2026-10-03 15:42:41   --> invoice.payment_succeeded [evt_1UMTD2ACR9X4275e4H5k77fA]
2026-10-03 15:42:41  <--  [200] POST http://localhost:8000/payments/webhook/ [evt_1UMTD2ACR9X4275e4H5k77fA]
2026-10-03 15:43:16   --> customer.subscription.created [evt_1UMTDbACR9X4275esXSD7JYX]
2026-10-03 15:43:16  <--  [200] POST http://localhost:8000/payments/webhook/ [evt_1UMTDbACR9X4275esXSD7JYX]
2026-10-03 15:43:17   --> checkout.session.completed [evt_1UMTDbACR9X4275eS0GQjVXH]
2026-10-03 15:43:17   --> invoice.payment_succeeded [evt_1UMTDbACR9X4275ezdSz5fOx]
2026-10-03 15:43:18  <--  [200] POST http://localhost:8000/payments/webhook/ [evt_1UMTDbACR9X4275eS0GQjVXH]
2026-10-03 15:43:19  <--  [200] POST http://localhost:8000/payments/webhook/ [evt_1UMTDbACR9X4275ezdSz5fOx]
