[2025-12-10 15:12:00,940] [INFO] Nessuna scheda personalizzata trovata per l'utente.
[2025-12-10 15:12:01,403] [INFO] Nessuna scheda personalizzata trovata per l'utente.
[2025-12-10 15:12:13,877] [INFO] Nessuna scheda personalizzata trovata per l'utente.
[2025-12-10 15:12:13,902] [INFO] Nessuna scheda personalizzata trovata per l'utente.
[2025-12-10 15:13:39,822] [INFO] Studente Elisa Menghi ha compilato il questionario.
[2025-12-10 15:13:39,869] [INFO] Questionario salvato.
[2025-12-10 15:16:26,559] [INFO] Studente Elisa Menghi ha compilato il questionario.
[2025-12-10 15:16:26,606] [INFO] Questionario salvato.
[2025-12-10 15:16:27,118] [INFO] []
[2025-12-10 15:26:00,815] [INFO] [{'id': 'prod_TZzE4mU48VjUnb', 'name': 'coaching_online', 'description': None, 'prices': [{'id': 'price_1ScpGvACR9X4275efFJG4vw8', 'unit_amount': 12000, 'currency': 'eur', 'interval': 'month', 'interval_count': 6}, {'id': 'price_1ScpGfACR9X4275exvgKwtl6', 'unit_amount': 6000, 'currency': 'eur', 'interval': 'month', 'interval_count': 3}, {'id': 'price_1ScpGFACR9X4275eTSJU9Ov6', 'unit_amount': 3000, 'currency': 'eur', 'interval': 'month', 'interval_count': 1}]}, {'id': 'prod_TZzCRMXelxLdXP', 'name': 'scheda_personalizzata', 'description': None, 'prices': [{'id': 'price_1ScpFyACR9X4275ee1cnylXe', 'unit_amount': 4500, 'currency': 'eur', 'interval': 'month', 'interval_count': 6}, {'id': 'price_1ScpFoACR9X4275eR4njS320', 'unit_amount': 2500, 'currency': 'eur', 'interval': 'month', 'interval_count': 3}, {'id': 'price_1ScpDqACR9X4275eepyh0inT', 'unit_amount': 1500, 'currency': 'eur', 'interval': 'month', 'interval_count': 1}]}]
[2025-12-10 15:26:53,800] [INFO] Studente Elisa Menghi ha compilato il questionario.
[2025-12-10 15:26:53,842] [INFO] Questionario salvato.
[2025-12-10 15:26:54,814] [INFO] [{'id': 'prod_TZzE4mU48VjUnb', 'name': 'coaching_online', 'description': None, 'prices': [{'id': 'price_1ScpGvACR9X4275efFJG4vw8', 'unit_amount': 12000, 'currency': 'eur', 'interval': 'month', 'interval_count': 6}, {'id': 'price_1ScpGfACR9X4275exvgKwtl6', 'unit_amount': 6000, 'currency': 'eur', 'interval': 'month', 'interval_count': 3}, {'id': 'price_1ScpGFACR9X4275eTSJU9Ov6', 'unit_amount': 3000, 'currency': 'eur', 'interval': 'month', 'interval_count': 1}]}, {'id': 'prod_TZzCRMXelxLdXP', 'name': 'scheda_personalizzata', 'description': None, 'prices': [{'id': 'price_1ScpFyACR9X4275ee1cnylXe', 'unit_amount': 4500, 'currency': 'eur', 'interval': 'month', 'interval_count': 6}, {'id': 'price_1ScpFoACR9X4275eR4njS320', 'unit_amount': 2500, 'currency': 'eur', 'interval': 'month', 'interval_count': 3}, {'id': 'price_1ScpDqACR9X4275eepyh0inT', 'unit_amount': 1500, 'currency': 'eur', 'interval': 'month', 'interval_count': 1}]}]
[2025-12-10 15:27:45,235] [INFO] Studente Elisa Menghi ha compilato il questionario.
[2025-12-10 15:27:45,287] [INFO] Questionario salvato.
[2025-12-10 15:27:46,229] [INFO] [{'id': 'prod_TZzE4mU48VjUnb', 'name': 'coaching_online', 'description': None, 'prices': [{'id': 'price_1ScpGvACR9X4275efFJG4vw8', 'unit_amount': 12000, 'currency': 'eur', 'interval': 'month', 'interval_count': 6}, {'id': 'price_1ScpGfACR9X4275exvgKwtl6', 'unit_amount': 6000, 'currency': 'eur', 'interval': 'month', 'interval_count': 3}, {'id': 'price_1ScpGFACR9X4275eTSJU9Ov6', 'unit_amount': 3000, 'currency': 'eur', 'interval': 'month', 'interval_count': 1}]}, {'id': 'prod_TZzCRMXelxLdXP', 'name': 'scheda_personalizzata', 'description': None, 'prices': [{'id': 'price_1ScpFyACR9X4275ee1cnylXe', 'unit_amount': 4500, 'currency': 'eur', 'interval': 'month', 'interval_count': 6}, {'id': 'price_1ScpFoACR9X4275eR4njS320', 'unit_amount': 2500, 'currency': 'eur', 'interval': 'month', 'interval_count': 3}, {'id': 'price_1ScpDqACR9X4275eepyh0inT', 'unit_amount': 1500, 'currency': 'eur', 'interval': 'month', 'interval_count': 1}]}]
[2025-12-10 15:38:44,432] [INFO] Studente Elisa Menghi ha compilato il questionario.
[2025-12-10 15:38:44,475] [INFO] Questionario salvato.
[2025-12-10 15:38:45,444] [INFO] [{'id': 'prod_TZzE4mU48VjUnb', 'name': 'coaching_online', 'description': None, 'prices': [{'id': 'price_1ScpGvACR9X4275efFJG4vw8', 'unit_amount': 12000, 'currency': 'eur', 'interval': 'month', 'interval_count': 6}, {'id': 'price_1ScpGfACR9X4275exvgKwtl6', 'unit_amount': 6000, 'currency': 'eur', 'interval': 'month', 'interval_count': 3}, {'id': 'price_1ScpGFACR9X4275eTSJU9Ov6', 'unit_amount': 3000, 'currency': 'eur', 'interval': 'month', 'interval_count': 1}]}, {'id': 'prod_TZzCRMXelxLdXP', 'name': 'scheda_personalizzata', 'description': None, 'prices': [{'id': 'price_1ScpFyACR9X4275ee1cnylXe', 'unit_amount': 4500, 'currency': 'eur', 'interval': 'month', 'interval_count': 6}, {'id': 'price_1ScpFoACR9X4275eR4njS320', 'unit_amount': 2500, 'currency': 'eur', 'interval': 'month', 'interval_count': 3}, {'id': 'price_1ScpDqACR9X4275eepyh0inT', 'unit_amount': 1500, 'currency': 'eur', 'interval': 'month', 'interval_count': 1}]}]
[2025-12-10 15:44:24,250] [INFO] Studente Elisa Menghi ha compilato il questionario.
[2025-12-10 15:44:24,278] [INFO] Questionario salvato.
[2025-12-10 15:44:25,363] [INFO] [{'id': 'prod_TZzE4mU48VjUnb', 'name': 'coaching-online', 'description': None, 'prices': [{'id': 'price_1ScpGvACR9X4275efFJG4vw8', 'unit_amount': 12000, 'currency': 'eur', 'interval': 'month', 'interval_count': 6}, {'id': 'price_1ScpGfACR9X4275exvgKwtl6', 'unit_amount': 6000, 'currency': 'eur', 'interval': 'month', 'interval_count': 3}, {'id': 'price_1ScpGFACR9X4275eTSJU9Ov6', 'unit_amount': 3000, 'currency': 'eur', 'interval': 'month', 'interval_count': 1}]}, {'id': 'prod_TZzCRMXelxLdXP', 'name': 'scheda-personalizzata', 'description': None, 'prices': [{'id': 'price_1ScpFyACR9X4275ee1cnylXe', 'unit_amount': 4500, 'currency': 'eur', 'interval': 'month', 'interval_count': 6}, {'id': 'price_1ScpFoACR9X4275eR4njS320', 'unit_amount': 2500, 'currency': 'eur', 'interval': 'month', 'interval_count': 3}, {'id': 'price_1ScpDqACR9X4275eepyh0inT', 'unit_amount': 1500, 'currency': 'eur', 'interval': 'month', 'interval_count': 1}]}]
[2025-12-10 15:45:29,202] [INFO] Preparazione invio Email "Richiesta Info Nutrizionista".
[2025-12-10 15:45:29,486] [ERROR] Email Richiesta Info Nutrizionista non inviata correttamente: 401
{"message":"Unauthenticated."}
[2025-12-10 15:50:26,827] [INFO] Studente Elisa Menghi ha compilato il questionario.
[2025-12-10 15:50:26,879] [INFO] Questionario salvato.
[2025-12-10 15:50:27,894] [INFO] [{'id': 'prod_TZzE4mU48VjUnb', 'name': 'coaching-online', 'description': None, 'prices': [{'id': 'price_1ScpGvACR9X4275efFJG4vw8', 'unit_amount': 12000, 'currency': 'eur', 'interval': 'month', 'interval_count': 6}, {'id': 'price_1ScpGfACR9X4275exvgKwtl6', 'unit_amount': 6000, 'currency': 'eur', 'interval': 'month', 'interval_count': 3}, {'id': 'price_1ScpGFACR9X4275eTSJU9Ov6', 'unit_amount': 3000, 'currency': 'eur', 'interval': 'month', 'interval_count': 1}]}, {'id': 'prod_TZzCRMXelxLdXP', 'name': 'scheda-personalizzata', 'description': None, 'prices': [{'id': 'price_1ScpFyACR9X4275ee1cnylXe', 'unit_amount': 4500, 'currency': 'eur', 'interval': 'month', 'interval_count': 6}, {'id': 'price_1ScpFoACR9X4275eR4njS320', 'unit_amount': 2500, 'currency': 'eur', 'interval': 'month', 'interval_count': 3}, {'id': 'price_1ScpDqACR9X4275eepyh0inT', 'unit_amount': 1500, 'currency': 'eur', 'interval': 'month', 'interval_count': 1}]}]
[2025-12-10 15:57:43,143] [INFO] Studente Elisa Menghi ha compilato il questionario.
[2025-12-10 15:57:43,177] [INFO] Questionario salvato.
[2025-12-10 15:57:44,110] [INFO] [{'id': 'prod_TZzE4mU48VjUnb', 'name': 'coaching-online', 'description': None, 'prices': [{'id': 'price_1ScpGvACR9X4275efFJG4vw8', 'unit_amount': 12000, 'currency': 'eur', 'interval': 'month', 'interval_count': 6}, {'id': 'price_1ScpGfACR9X4275exvgKwtl6', 'unit_amount': 6000, 'currency': 'eur', 'interval': 'month', 'interval_count': 3}, {'id': 'price_1ScpGFACR9X4275eTSJU9Ov6', 'unit_amount': 3000, 'currency': 'eur', 'interval': 'month', 'interval_count': 1}]}, {'id': 'prod_TZzCRMXelxLdXP', 'name': 'scheda-personalizzata', 'description': None, 'prices': [{'id': 'price_1ScpFyACR9X4275ee1cnylXe', 'unit_amount': 4500, 'currency': 'eur', 'interval': 'month', 'interval_count': 6}, {'id': 'price_1ScpFoACR9X4275eR4njS320', 'unit_amount': 2500, 'currency': 'eur', 'interval': 'month', 'interval_count': 3}, {'id': 'price_1ScpDqACR9X4275eepyh0inT', 'unit_amount': 1500, 'currency': 'eur', 'interval': 'month', 'interval_count': 1}]}]
[2025-12-10 15:59:56,178] [INFO] Nessuna scheda personalizzata trovata per l'utente.
[2025-12-10 15:59:56,712] [INFO] Nessuna scheda personalizzata trovata per l'utente.
[2025-12-10 17:22:37,030] [INFO] Nessuna scheda personalizzata trovata per l'utente.
[2025-12-10 17:22:37,048] [INFO] Nessuna scheda personalizzata trovata per l'utente.
