#0 building with "desktop-linux" instance using docker driver

#1 [internal] load build definition from Dockerfile
#1 transferring dockerfile: 1.12kB done
#1 DONE 0.0s

#2 [internal] load metadata for docker.io/library/node:18-alpine
#2 ...

#3 [internal] load metadata for docker.io/library/nginx:stable-alpine
#3 DONE 0.7s

#2 [internal] load metadata for docker.io/library/node:18-alpine
#2 DONE 4.6s

#4 [internal] load .dockerignore
#4 transferring context: 218B done
#4 DONE 0.0s

#5 [internal] load build context
#5 DONE 0.0s

#6 [stage-1 1/2] FROM docker.io/library/nginx:stable-alpine@sha256:0985e772fb9f729e6fa0980da05fca5d9c468e870eed43071545afa9d2e27d94
#6 resolve docker.io/library/nginx:stable-alpine@sha256:0985e772fb9f729e6fa0980da05fca5d9c468e870eed43071545afa9d2e27d94 0.1s done
#6 CACHED

#7 [build 1/6] FROM docker.io/library/node:18-alpine@sha256:8d6421d663b4c28fd3ebc498332f249011d118945588d0a35cb9bc4b8ca09d9e
#7 resolve docker.io/library/node:18-alpine@sha256:8d6421d663b4c28fd3ebc498332f249011d118945588d0a35cb9bc4b8ca09d9e 0.1s done
#7 DONE 0.1s

#5 [internal] load build context
#5 transferring context: 61.96kB 0.1s done
#5 DONE 0.1s

#8 [build 2/6] WORKDIR /app/frontend
#8 CACHED

#9 [build 3/6] COPY ./gym-fe-app/package*.json ./
#9 CACHED

#10 [build 4/6] RUN if [ -f package-lock.json ]; then npm ci; else npm install; fi
#10 CACHED

#11 [build 5/6] COPY ./gym-fe-app/ .
#11 DONE 0.5s

#12 [build 6/6] RUN npm run build
#12 0.475 
#12 0.475 > gym-fe-app@0.1.0 build
#12 0.475 > react-scripts build
#12 0.475 
#12 2.770 Creating an optimized production build...
#12 2.945 Browserslist: caniuse-lite is outdated. Please run:
#12 2.945   npx update-browserslist-db@latest
#12 2.945   Why you should do it regularly: https://github.com/browserslist/update-db#readme
#12 5.999 One of your dependencies, babel-preset-react-app, is importing the
#12 5.999 "@babel/plugin-proposal-private-property-in-object" package without
#12 5.999 declaring it in its dependencies. This is currently working because
#12 5.999 "@babel/plugin-proposal-private-property-in-object" is already in your
#12 5.999 node_modules folder for unrelated reasons, but it may break at any time.
#12 5.999 
#12 5.999 babel-preset-react-app is part of the create-react-app project, which
#12 5.999 is not maintianed anymore. It is thus unlikely that this bug will
#12 5.999 ever be fixed. Add "@babel/plugin-proposal-private-property-in-object" to
#12 5.999 your devDependencies to work around this error. This will make this message
#12 5.999 go away.
#12 5.999   
#12 120.2 Browserslist: caniuse-lite is outdated. Please run:
#12 120.2   npx update-browserslist-db@latest
#12 120.2   Why you should do it regularly: https://github.com/browserslist/update-db#readme
#12 132.2 Compiled with warnings.
#12 132.2 
#12 132.2 Failed to parse source map from '/app/frontend/node_modules/@react-aria/ssr/dist/SSRProvider.mjs.map' file: Error: ENOENT: no such file or directory, open '/app/frontend/node_modules/@react-aria/ssr/dist/SSRProvider.mjs.map'
#12 132.2 
#12 132.2 Search for the keywords to learn more about each warning.
#12 132.2 To ignore, add // eslint-disable-next-line to the line before.
#12 132.2 
#12 132.2 File sizes after gzip:
#12 132.2 
#12 132.3   607.74 kB  build/static/js/main.4d80c909.js
#12 132.3   167.31 kB  build/static/css/main.e7e22149.css
#12 132.3   42.3 kB    build/static/js/455.70fb6542.chunk.js
#12 132.3   8.72 kB    build/static/js/213.85f86d3d.chunk.js
#12 132.3 
#12 132.3 The bundle size is significantly larger than recommended.
#12 132.3 Consider reducing it with code splitting: https://goo.gl/9VhYWB
#12 132.3 You can also analyze the project dependencies: https://goo.gl/LeUzfb
#12 132.3 
#12 132.3 The project was built assuming it is hosted at /.
#12 132.3 You can control this with the homepage field in your package.json.
#12 132.3 
#12 132.3 The build folder is ready to be deployed.
#12 132.3 You may serve it with a static server:
#12 132.3 
#12 132.3   npm install -g serve
#12 132.3   serve -s build
#12 132.3 
#12 132.3 Find out more about deployment here:
#12 132.3 
#12 132.3   https://cra.link/deployment
#12 132.3 
#12 DONE 133.0s

#13 [stage-1 2/2] COPY --from=build /app/frontend/build /usr/share/nginx/html
#13 DONE 0.8s

#14 exporting to image
#14 exporting layers
#14 exporting layers 8.3s done
#14 exporting manifest sha256:311358eb868c667065f21811b99797d14a10bba46fde87b3a2db284ffe9adf91 0.0s done
#14 exporting config sha256:5deb765bd359484676797ba36d7334698bd89386e92d86d6c500e86f240d6945 0.0s done
#14 exporting attestation manifest sha256:0fab901b8a647a563d00e439385f7672925335ad3124f99441885e260773d732 0.0s done
#14 exporting manifest list sha256:92e59503ae681a0e17ce85efb05354791af3a213d796bc2631944b21de3b39ab
#14 exporting manifest list sha256:92e59503ae681a0e17ce85efb05354791af3a213d796bc2631944b21de3b39ab 0.0s done
#14 naming to docker.io/library/fitnexus-frontend-buildcheck:local done
#14 unpacking to docker.io/library/fitnexus-frontend-buildcheck:local
#14 unpacking to docker.io/library/fitnexus-frontend-buildcheck:local 1.1s done
#14 DONE 9.7s

View build details: docker-desktop://dashboard/build/desktop-linux/desktop-linux/uio9dzhi6f02n1mvk0gqgai25
