nginx: the configuration file /etc/nginx/nginx.conf syntax is ok
nginx: configuration file /etc/nginx/nginx.conf test is successful
2026/10/02 21:55:56 [notice] 9#9: using the "epoll" event method
2026/10/02 21:55:56 [notice] 9#9: nginx/1.30.5
2026/10/02 21:55:56 [notice] 9#9: built by gcc 15.2.0 (Alpine 15.2.0) 
2026/10/02 21:55:56 [notice] 9#9: OS: Linux 6.18.40.1-microsoft-standard-WSL2
2026/10/02 21:55:56 [notice] 9#9: getrlimit(RLIMIT_NOFILE): 1048576:1048576
2026/10/02 21:55:56 [notice] 10#10: start worker processes
2026/10/02 21:55:56 [notice] 10#10: start worker process 11
2026/10/02 21:55:56 [notice] 10#10: start worker process 12
2026/10/02 21:55:56 [notice] 10#10: start worker process 13
2026/10/02 21:55:56 [notice] 10#10: start worker process 15
2026/10/02 21:55:56 [notice] 10#10: start worker process 16
2026/10/02 21:55:56 [notice] 10#10: start worker process 17
2026/10/02 21:55:56 [notice] 10#10: start worker process 18
2026/10/02 21:55:56 [notice] 10#10: start worker process 19
127.0.0.1 - - [02/Oct/2026:21:55:56 +0000] "GET / HTTP/1.1" 200 714 "-" "Wget" "-"
HTTP_LOCAL_OK
2026/10/02 21:55:56 [notice] 1#1: signal process started
2026/10/02 21:55:56 [notice] 10#10: signal 3 (SIGQUIT) received from 1, shutting down
2026/10/02 21:55:56 [notice] 12#12: gracefully shutting down
2026/10/02 21:55:56 [notice] 15#15: gracefully shutting down
2026/10/02 21:55:56 [notice] 12#12: exiting
2026/10/02 21:55:56 [notice] 15#15: exiting
2026/10/02 21:55:56 [notice] 11#11: gracefully shutting down
2026/10/02 21:55:56 [notice] 11#11: exiting
2026/10/02 21:55:56 [notice] 17#17: gracefully shutting down
2026/10/02 21:55:56 [notice] 17#17: exiting
2026/10/02 21:55:56 [notice] 13#13: gracefully shutting down
2026/10/02 21:55:56 [notice] 13#13: exiting
2026/10/02 21:55:56 [notice] 12#12: exit
2026/10/02 21:55:56 [notice] 17#17: exit
2026/10/02 21:55:56 [notice] 13#13: exit
2026/10/02 21:55:56 [notice] 15#15: exit
2026/10/02 21:55:56 [notice] 19#19: gracefully shutting down
2026/10/02 21:55:56 [notice] 19#19: exiting
2026/10/02 21:55:56 [notice] 18#18: gracefully shutting down
2026/10/02 21:55:56 [notice] 18#18: exiting
2026/10/02 21:55:56 [notice] 19#19: exit
2026/10/02 21:55:56 [notice] 18#18: exit
2026/10/02 21:55:56 [notice] 11#11: exit
