(node:13936) [DEP0176] DeprecationWarning: fs.F_OK is deprecated, use fs.constants.F_OK instead
(Use `node --trace-deprecation ...` to show where the warning was created)
Creating an optimized production build...
Browserslist: caniuse-lite is outdated. Please run:
  npx update-browserslist-db@latest
  Why you should do it regularly: https://github.com/browserslist/update-db#readme
Browserslist: caniuse-lite is outdated. Please run:
  npx update-browserslist-db@latest
  Why you should do it regularly: https://github.com/browserslist/update-db#readme
Compiled successfully.

File sizes after gzip:

  607.41 kB (+1.29 kB)  frontend-vimeo-build\static\js\main.708711ab.js
  167.26 kB             frontend-vimeo-build\static\css\main.fb69ea59.css
  42.25 kB              frontend-vimeo-build\static\js\246.3f358351.chunk.js
  8.7 kB                frontend-vimeo-build\static\js\544.72dd78fa.chunk.js

The bundle size is significantly larger than recommended.
Consider reducing it with code splitting: https://goo.gl/9VhYWB
You can also analyze the project dependencies: https://goo.gl/LeUzfb

The project was built assuming it is hosted at /.
You can control this with the homepage field in your package.json.

The ..\.local-test-artifacts\frontend-vimeo-build folder is ready to be deployed.
You may serve it with a static server:

  npm install -g serve
  serve -s ..\.local-test-artifacts\frontend-vimeo-build

Find out more about deployment here:

  https://cra.link/deployment

